[crawl] favicon captured: assets/favicon.ico (https://www.synopsys.com/etc.clientlibs/synopsys/clientlibs/synopsys-pagelibs/resources/images/favicon.ico)
[crawl] technique=headless pages=64
[crawl] OK   index  
[crawl] OK   cloud-html  
[crawl] OK   ai-html  
[crawl] OK   solutions-html  
[crawl] OK   designware-ip-html  
[crawl] OK   verification-html  
[crawl] OK   implementation-and-signoff-fusion-design-platform-html  
[crawl] OK   manufacturing-html  
[crawl] OK   implementation-and-signoff-signoff-html  
[crawl] OK   verification-emulation-prototyping-html  
[crawl] OK   verification-simulation-vcs-html  
[crawl] OK   solutions-silicon-lifecycle-management-html  
[crawl] OK   implementation-and-signoff-physical-implementation-fusion-compiler-html  
[crawl] OK   implementation-and-signoff-signoff-primetime-html  
[crawl] OK   designware-ip-interface-ip-html  
[crawl] OK   verification-emulation-prototyping-emulation-html  
[crawl] OK   solutions-automotive-html  
[crawl] OK   solutions-hpc-data-center-html  
[crawl] OK   ai-agentic-ai-html  
[crawl] OK   solutions-multi-die-design-html  
[crawl] OK   solutions-multiphysics-fusion-html  
[crawl] OK   blogs-chip-design-software-defined-hardware-assisted-verification-html  
[crawl] OK   blogs-chip-design-multiphysics-chip-design-challenges-html  
[crawl] OK   blogs-chip-design-electronics-digital-twin-platform-html  
[crawl] OK   glossary-what-is-electronic-design-automation-html  
[crawl] OK   glossary-what-are-chiplets-html  
[crawl] OK   articles-ai-powered-analog-design-html  
[crawl] OK   articles-multi-die-design-3d-ip-html  
[crawl] OK   success-stories-electronics-digital-twins-volvo-cars-html  
[crawl] OK   success-stories-intel-self-timed-sram-timing-verification-nanotime-html  
[crawl] OK   authors-sassine-ghazi-html  
[crawl] OK   events-virtual-prototyping-day-html  
[crawl] OK   blogs-chip-design-html  
[crawl] OK   success-stories-html  
[crawl] OK   success-stories-view-all-html  
[crawl] OK   webinars-deep-dive-synopsys-ai-html  
[crawl] OK   resources-mastering-ai-chip-complexity-ebook-html  
[crawl] OK   glossary-html  
[crawl] OK   events-html  
[crawl] OK   authors-html  
[crawl] OK   webinars-html  
[crawl] OK   resources-html  
[crawl] OK   company-html  
[crawl] OK   newsroom-html  
[crawl] OK   articles-html  
[crawl] OK   company-corporate-governance-ethics-html  
[crawl] OK   company-acquisitions-html  
[crawl] OK   company-responsible-business-html  
[crawl] OK   partners-html  
[crawl] OK   academic-research-html  
[crawl] OK   startup-innovation-html  
[crawl] OK   company-legal-privacy-policy-html  filtered:3
[crawl] OK   company-contact-synopsys-html  
[crawl] OK   company-contact-synopsys-office-locations-html  
[crawl] OK   support-html  
[crawl] OK   company-management-team-html  
[crawl] OK   support-global-support-centers-html  
[crawl] OK   community-html  
[crawl] OK   services-design-services-html  
[crawl] OK   company-executive-briefing-center-html  
[crawl] OK   careers-html  
[crawl] OK   careers-benefits-html  
[crawl] OK   sitemap-html  
[crawl] OK   community-snug-html  
[crawl] done. 64/64 captured, 0 failed. log: stardust/current/_crawl-log.json
