{"t":"2026-09-10T14:36:50.962Z","path":"/blogs/chip-design/soc-hbm2e-capacity-speed-benefits","step":"verify","ok":true}
{"t":"2026-09-10T14:36:51.203Z","path":"/ai/ai-powered-eda/tso-ai","step":"verify","ok":true}
{"t":"2026-09-10T14:36:51.392Z","path":"/careers/global/south-asia","step":"verify","ok":true}
{"t":"2026-09-10T14:36:56.651Z","path":"/cloud/analog-saas","step":"verify","ok":true}
{"t":"2026-09-10T14:36:56.881Z","path":"/community/resources","step":"verify","ok":true}
{"t":"2026-09-10T14:36:57.874Z","path":"/cloud/digital-saas","step":"verify","ok":true}
{"t":"2026-09-10T14:37:05.479Z","path":"/company/resources/synopsys-press/low-power-methodology-manual-download","step":"verify","ok":true}
{"t":"2026-09-10T14:37:05.546Z","path":"/company/contact-synopsys/office-locations/armenia/research-development","step":"verify","ok":true}
{"t":"2026-09-10T14:37:05.640Z","path":"/company/resources/synopsys-press","step":"verify","ok":true}
{"t":"2026-09-10T14:37:14.083Z","path":"/photonic-solutions/optsim/sensing","step":"verify","ok":true}
{"t":"2026-09-10T14:37:14.217Z","path":"/manufacturing/resources","step":"verify","ok":true}
{"t":"2026-09-10T14:37:14.872Z","path":"/photonic-solutions/optocompiler/optsim-photonic-ic","step":"verify","ok":true}
{"t":"2026-09-10T14:37:21.258Z","path":"/photonic-solutions/product-applications/coherent-fiber-optic","step":"verify","ok":true}
{"t":"2026-09-10T14:37:21.529Z","path":"/photonic-solutions/product-applications/advanced-modulation-formats","step":"verify","ok":true}
{"t":"2026-09-10T14:37:22.860Z","path":"/photonic-solutions/product-applications/optical-amplifiers","step":"verify","ok":true}
{"t":"2026-09-10T14:37:27.288Z","path":"/photonic-solutions/product-applications/performance-estimation","step":"verify","ok":true}
{"t":"2026-09-10T14:37:27.472Z","path":"/photonic-solutions/product-applications/optical-networks","step":"verify","ok":true}
{"t":"2026-09-10T14:37:29.317Z","path":"/photonic-solutions/product-applications/photonic-integrated-circuits","step":"verify","ok":true}
{"t":"2026-09-10T14:37:34.353Z","path":"/photonic-solutions/product-applications/transmission-impairments-fiber","step":"verify","ok":true}
{"t":"2026-09-10T14:37:34.447Z","path":"/photonic-solutions/product-applications/pon-catv-rof","step":"verify","ok":true}
{"t":"2026-09-10T14:37:35.677Z","path":"/silicon-design","step":"verify","ok":true}
